[INFO] Scanning for projects...
[INFO] 
[INFO] --------------< com.loanmanagement:loanmanagementsystem >---------------
[INFO] Building Loan Management System 1.0.0
[INFO]   from pom.xml
[INFO] --------------------------------[ jar ]---------------------------------
[INFO] 
[INFO] --- clean:3.4.1:clean (default-clean) @ loanmanagementsystem ---
[INFO] Deleting D:\crediflowbackend\Loanmanagement-backend\target
[INFO] 
[INFO] --- resources:3.3.1:resources (default-resources) @ loanmanagementsystem ---
[INFO] Copying 1 resource from src\main\resources to target\classes
[INFO] Copying 0 resource from src\main\resources to target\classes
[INFO] 
[INFO] --- compiler:3.13.0:compile (default-compile) @ loanmanagementsystem ---
[INFO] Recompiling the module because of changed source code.
[INFO] Compiling 77 source files with javac [debug parameters release 21] to target\classes
[INFO] -------------------------------------------------------------
[ERROR] COMPILATION ERROR : 
[INFO] -------------------------------------------------------------
[ERROR] /D:/crediflowbackend/Loanmanagement-backend/src/main/java/com/loanmanagement/admin/AdminController.java:[30,19] cannot find symbol
  symbol:   class UserService
  location: class com.loanmanagement.admin.AdminController
[ERROR] /D:/crediflowbackend/Loanmanagement-backend/src/main/java/com/loanmanagement/admin/AdminController.java:[26,1] cannot find symbol
  symbol:   class UserService
  location: class com.loanmanagement.admin.AdminController
[INFO] 2 errors 
[INFO] -------------------------------------------------------------
[INFO] ------------------------------------------------------------------------
[INFO] BUILD FAILURE
[INFO] ------------------------------------------------------------------------
[INFO] Total time:  10.731 s
[INFO] Finished at: 2026-04-05T23:15:47+05:30
[INFO] ------------------------------------------------------------------------
[ERROR] Failed to execute goal org.apache.maven.plugins:maven-compiler-plugin:3.13.0:compile (default-compile) on project loanmanagementsystem: Compilation failure: Compilation failure: 
[ERROR] /D:/crediflowbackend/Loanmanagement-backend/src/main/java/com/loanmanagement/admin/AdminController.java:[30,19] cannot find symbol
[ERROR]   symbol:   class UserService
[ERROR]   location: class com.loanmanagement.admin.AdminController
[ERROR] /D:/crediflowbackend/Loanmanagement-backend/src/main/java/com/loanmanagement/admin/AdminController.java:[26,1] cannot find symbol
[ERROR]   symbol:   class UserService
[ERROR]   location: class com.loanmanagement.admin.AdminController
[ERROR] -> [Help 1]
[ERROR] 
[ERROR] To see the full stack trace of the errors, re-run Maven with the -e switch.
[ERROR] Re-run Maven using the -X switch to enable full debug logging.
[ERROR] 
[ERROR] For more information about the errors and possible solutions, please read the following articles:
[ERROR] [Help 1] http://cwiki.apache.org/confluence/display/MAVEN/MojoFailureException
