[ERROR] COMPILATION ERROR : 
[ERROR] /D:/FSAD/s2/springboot/loanmanagementsystem/src/main/java/com/loanmanagement/auth/AuthController.java:[7,26] package jakarta.validation does not exist
[ERROR] /D:/FSAD/s2/springboot/loanmanagementsystem/src/main/java/com/loanmanagement/auth/dto/LoginRequestDTO.java:[3,38] package jakarta.validation.constraints does not exist
[ERROR] /D:/FSAD/s2/springboot/loanmanagementsystem/src/main/java/com/loanmanagement/auth/dto/LoginRequestDTO.java:[4,38] package jakarta.validation.constraints does not exist
[ERROR] /D:/FSAD/s2/springboot/loanmanagementsystem/src/main/java/com/loanmanagement/auth/dto/RegisterRequestDTO.java:[4,38] package jakarta.validation.constraints does not exist
[ERROR] /D:/FSAD/s2/springboot/loanmanagementsystem/src/main/java/com/loanmanagement/auth/dto/RegisterRequestDTO.java:[5,38] package jakarta.validation.constraints does not exist
[ERROR] /D:/FSAD/s2/springboot/loanmanagementsystem/src/main/java/com/loanmanagement/auth/dto/RegisterRequestDTO.java:[6,38] package jakarta.validation.constraints does not exist
[ERROR] /D:/FSAD/s2/springboot/loanmanagementsystem/src/main/java/com/loanmanagement/loan/LoanController.java:[7,26] package jakarta.validation does not exist
[ERROR] /D:/FSAD/s2/springboot/loanmanagementsystem/src/main/java/com/loanmanagement/loan/dto/LoanRequestDTO.java:[3,38] package jakarta.validation.constraints does not exist
[ERROR] /D:/FSAD/s2/springboot/loanmanagementsystem/src/main/java/com/loanmanagement/loan/dto/LoanRequestDTO.java:[4,38] package jakarta.validation.constraints does not exist
[ERROR] /D:/FSAD/s2/springboot/loanmanagementsystem/src/main/java/com/loanmanagement/loan/dto/LoanRequestDTO.java:[5,38] package jakarta.validation.constraints does not exist
[ERROR] /D:/FSAD/s2/springboot/loanmanagementsystem/src/main/java/com/loanmanagement/payment/PaymentController.java:[6,26] package jakarta.validation does not exist
[ERROR] /D:/FSAD/s2/springboot/loanmanagementsystem/src/main/java/com/loanmanagement/payment/dto/PaymentRequestDTO.java:[3,38] package jakarta.validation.constraints does not exist
[ERROR] /D:/FSAD/s2/springboot/loanmanagementsystem/src/main/java/com/loanmanagement/payment/dto/PaymentRequestDTO.java:[4,38] package jakarta.validation.constraints does not exist
[ERROR] /D:/FSAD/s2/springboot/loanmanagementsystem/src/main/java/com/loanmanagement/payment/dto/PaymentRequestDTO.java:[5,38] package jakarta.validation.constraints does not exist
[ERROR] /D:/FSAD/s2/springboot/loanmanagementsystem/src/main/java/com/loanmanagement/user/UserController.java:[6,26] package jakarta.validation does not exist
[ERROR] /D:/FSAD/s2/springboot/loanmanagementsystem/src/main/java/com/loanmanagement/auth/AuthController.java:[20,64] cannot find symbol
[ERROR] /D:/FSAD/s2/springboot/loanmanagementsystem/src/main/java/com/loanmanagement/auth/AuthController.java:[26,67] cannot find symbol
[ERROR] /D:/FSAD/s2/springboot/loanmanagementsystem/src/main/java/com/loanmanagement/auth/dto/RegisterRequestDTO.java:[11,6] cannot find symbol
[ERROR] /D:/FSAD/s2/springboot/loanmanagementsystem/src/main/java/com/loanmanagement/auth/dto/RegisterRequestDTO.java:[14,6] cannot find symbol
[ERROR] /D:/FSAD/s2/springboot/loanmanagementsystem/src/main/java/com/loanmanagement/auth/dto/RegisterRequestDTO.java:[15,6] cannot find symbol
[ERROR] /D:/FSAD/s2/springboot/loanmanagementsystem/src/main/java/com/loanmanagement/auth/dto/RegisterRequestDTO.java:[18,6] cannot find symbol
[ERROR] /D:/FSAD/s2/springboot/loanmanagementsystem/src/main/java/com/loanmanagement/auth/dto/RegisterRequestDTO.java:[19,6] cannot find symbol
[ERROR] /D:/FSAD/s2/springboot/loanmanagementsystem/src/main/java/com/loanmanagement/auth/dto/LoginRequestDTO.java:[9,6] cannot find symbol
[ERROR] /D:/FSAD/s2/springboot/loanmanagementsystem/src/main/java/com/loanmanagement/auth/dto/LoginRequestDTO.java:[10,6] cannot find symbol
[ERROR] /D:/FSAD/s2/springboot/loanmanagementsystem/src/main/java/com/loanmanagement/auth/dto/LoginRequestDTO.java:[13,6] cannot find symbol
[ERROR] /D:/FSAD/s2/springboot/loanmanagementsystem/src/main/java/com/loanmanagement/loan/LoanController.java:[32,14] cannot find symbol
[ERROR] /D:/FSAD/s2/springboot/loanmanagementsystem/src/main/java/com/loanmanagement/loan/dto/LoanRequestDTO.java:[13,6] cannot find symbol
[ERROR] /D:/FSAD/s2/springboot/loanmanagementsystem/src/main/java/com/loanmanagement/loan/dto/LoanRequestDTO.java:[14,6] cannot find symbol
[ERROR] /D:/FSAD/s2/springboot/loanmanagementsystem/src/main/java/com/loanmanagement/loan/dto/LoanRequestDTO.java:[17,6] cannot find symbol
[ERROR] /D:/FSAD/s2/springboot/loanmanagementsystem/src/main/java/com/loanmanagement/loan/dto/LoanRequestDTO.java:[18,6] cannot find symbol
[ERROR] /D:/FSAD/s2/springboot/loanmanagementsystem/src/main/java/com/loanmanagement/loan/dto/LoanRequestDTO.java:[21,6] cannot find symbol
[ERROR] /D:/FSAD/s2/springboot/loanmanagementsystem/src/main/java/com/loanmanagement/loan/dto/LoanRequestDTO.java:[22,6] cannot find symbol
[ERROR] /D:/FSAD/s2/springboot/loanmanagementsystem/src/main/java/com/loanmanagement/payment/PaymentController.java:[25,14] cannot find symbol
[ERROR] /D:/FSAD/s2/springboot/loanmanagementsystem/src/main/java/com/loanmanagement/payment/dto/PaymentRequestDTO.java:[13,6] cannot find symbol
[ERROR] /D:/FSAD/s2/springboot/loanmanagementsystem/src/main/java/com/loanmanagement/payment/dto/PaymentRequestDTO.java:[14,6] cannot find symbol
[ERROR] /D:/FSAD/s2/springboot/loanmanagementsystem/src/main/java/com/loanmanagement/payment/dto/PaymentRequestDTO.java:[17,6] cannot find symbol
[ERROR] /D:/FSAD/s2/springboot/loanmanagementsystem/src/main/java/com/loanmanagement/user/UserController.java:[39,14] cannot find symbol
[ERROR] Failed to execute goal org.apache.maven.plugins:maven-compiler-plugin:3.14.1:compile (default-compile) on project loanmanagementsystem: Compilation failure: Compilation failure: 
[ERROR] /D:/FSAD/s2/springboot/loanmanagementsystem/src/main/java/com/loanmanagement/auth/AuthController.java:[7,26] package jakarta.validation does not exist
[ERROR] /D:/FSAD/s2/springboot/loanmanagementsystem/src/main/java/com/loanmanagement/auth/dto/LoginRequestDTO.java:[3,38] package jakarta.validation.constraints does not exist
[ERROR] /D:/FSAD/s2/springboot/loanmanagementsystem/src/main/java/com/loanmanagement/auth/dto/LoginRequestDTO.java:[4,38] package jakarta.validation.constraints does not exist
[ERROR] /D:/FSAD/s2/springboot/loanmanagementsystem/src/main/java/com/loanmanagement/auth/dto/RegisterRequestDTO.java:[4,38] package jakarta.validation.constraints does not exist
[ERROR] /D:/FSAD/s2/springboot/loanmanagementsystem/src/main/java/com/loanmanagement/auth/dto/RegisterRequestDTO.java:[5,38] package jakarta.validation.constraints does not exist
[ERROR] /D:/FSAD/s2/springboot/loanmanagementsystem/src/main/java/com/loanmanagement/auth/dto/RegisterRequestDTO.java:[6,38] package jakarta.validation.constraints does not exist
[ERROR] /D:/FSAD/s2/springboot/loanmanagementsystem/src/main/java/com/loanmanagement/loan/LoanController.java:[7,26] package jakarta.validation does not exist
[ERROR] /D:/FSAD/s2/springboot/loanmanagementsystem/src/main/java/com/loanmanagement/loan/dto/LoanRequestDTO.java:[3,38] package jakarta.validation.constraints does not exist
[ERROR] /D:/FSAD/s2/springboot/loanmanagementsystem/src/main/java/com/loanmanagement/loan/dto/LoanRequestDTO.java:[4,38] package jakarta.validation.constraints does not exist
[ERROR] /D:/FSAD/s2/springboot/loanmanagementsystem/src/main/java/com/loanmanagement/loan/dto/LoanRequestDTO.java:[5,38] package jakarta.validation.constraints does not exist
[ERROR] /D:/FSAD/s2/springboot/loanmanagementsystem/src/main/java/com/loanmanagement/payment/PaymentController.java:[6,26] package jakarta.validation does not exist
[ERROR] /D:/FSAD/s2/springboot/loanmanagementsystem/src/main/java/com/loanmanagement/payment/dto/PaymentRequestDTO.java:[3,38] package jakarta.validation.constraints does not exist
[ERROR] /D:/FSAD/s2/springboot/loanmanagementsystem/src/main/java/com/loanmanagement/payment/dto/PaymentRequestDTO.java:[4,38] package jakarta.validation.constraints does not exist
[ERROR] /D:/FSAD/s2/springboot/loanmanagementsystem/src/main/java/com/loanmanagement/payment/dto/PaymentRequestDTO.java:[5,38] package jakarta.validation.constraints does not exist
[ERROR] /D:/FSAD/s2/springboot/loanmanagementsystem/src/main/java/com/loanmanagement/user/UserController.java:[6,26] package jakarta.validation does not exist
[ERROR] /D:/FSAD/s2/springboot/loanmanagementsystem/src/main/java/com/loanmanagement/auth/AuthController.java:[20,64] cannot find symbol
[ERROR]   symbol:   class Valid
[ERROR]   location: class com.loanmanagement.auth.AuthController
[ERROR] /D:/FSAD/s2/springboot/loanmanagementsystem/src/main/java/com/loanmanagement/auth/AuthController.java:[26,67] cannot find symbol
[ERROR]   symbol:   class Valid
[ERROR]   location: class com.loanmanagement.auth.AuthController
[ERROR] /D:/FSAD/s2/springboot/loanmanagementsystem/src/main/java/com/loanmanagement/auth/dto/RegisterRequestDTO.java:[11,6] cannot find symbol
[ERROR]   symbol:   class NotBlank
[ERROR]   location: class com.loanmanagement.auth.dto.RegisterRequestDTO
[ERROR] /D:/FSAD/s2/springboot/loanmanagementsystem/src/main/java/com/loanmanagement/auth/dto/RegisterRequestDTO.java:[14,6] cannot find symbol
[ERROR]   symbol:   class NotBlank
[ERROR]   location: class com.loanmanagement.auth.dto.RegisterRequestDTO
[ERROR] /D:/FSAD/s2/springboot/loanmanagementsystem/src/main/java/com/loanmanagement/auth/dto/RegisterRequestDTO.java:[15,6] cannot find symbol
[ERROR]   symbol:   class Email
[ERROR]   location: class com.loanmanagement.auth.dto.RegisterRequestDTO
[ERROR] /D:/FSAD/s2/springboot/loanmanagementsystem/src/main/java/com/loanmanagement/auth/dto/RegisterRequestDTO.java:[18,6] cannot find symbol
[ERROR]   symbol:   class NotBlank
[ERROR]   location: class com.loanmanagement.auth.dto.RegisterRequestDTO
[ERROR] /D:/FSAD/s2/springboot/loanmanagementsystem/src/main/java/com/loanmanagement/auth/dto/RegisterRequestDTO.java:[19,6] cannot find symbol
[ERROR]   symbol:   class Size
[ERROR]   location: class com.loanmanagement.auth.dto.RegisterRequestDTO
[ERROR] /D:/FSAD/s2/springboot/loanmanagementsystem/src/main/java/com/loanmanagement/auth/dto/LoginRequestDTO.java:[9,6] cannot find symbol
[ERROR]   symbol:   class NotBlank
[ERROR]   location: class com.loanmanagement.auth.dto.LoginRequestDTO
[ERROR] /D:/FSAD/s2/springboot/loanmanagementsystem/src/main/java/com/loanmanagement/auth/dto/LoginRequestDTO.java:[10,6] cannot find symbol
[ERROR]   symbol:   class Email
[ERROR]   location: class com.loanmanagement.auth.dto.LoginRequestDTO
[ERROR] /D:/FSAD/s2/springboot/loanmanagementsystem/src/main/java/com/loanmanagement/auth/dto/LoginRequestDTO.java:[13,6] cannot find symbol
[ERROR]   symbol:   class NotBlank
[ERROR]   location: class com.loanmanagement.auth.dto.LoginRequestDTO
[ERROR] /D:/FSAD/s2/springboot/loanmanagementsystem/src/main/java/com/loanmanagement/loan/LoanController.java:[32,14] cannot find symbol
[ERROR]   symbol:   class Valid
[ERROR]   location: class com.loanmanagement.loan.LoanController
[ERROR] /D:/FSAD/s2/springboot/loanmanagementsystem/src/main/java/com/loanmanagement/loan/dto/LoanRequestDTO.java:[13,6] cannot find symbol
[ERROR]   symbol:   class NotNull
[ERROR]   location: class com.loanmanagement.loan.dto.LoanRequestDTO
[ERROR] /D:/FSAD/s2/springboot/loanmanagementsystem/src/main/java/com/loanmanagement/loan/dto/LoanRequestDTO.java:[14,6] cannot find symbol
[ERROR]   symbol:   class DecimalMin
[ERROR]   location: class com.loanmanagement.loan.dto.LoanRequestDTO
[ERROR] /D:/FSAD/s2/springboot/loanmanagementsystem/src/main/java/com/loanmanagement/loan/dto/LoanRequestDTO.java:[17,6] cannot find symbol
[ERROR]   symbol:   class NotNull
[ERROR]   location: class com.loanmanagement.loan.dto.LoanRequestDTO
[ERROR] /D:/FSAD/s2/springboot/loanmanagementsystem/src/main/java/com/loanmanagement/loan/dto/LoanRequestDTO.java:[18,6] cannot find symbol
[ERROR]   symbol:   class DecimalMin
[ERROR]   location: class com.loanmanagement.loan.dto.LoanRequestDTO
[ERROR] /D:/FSAD/s2/springboot/loanmanagementsystem/src/main/java/com/loanmanagement/loan/dto/LoanRequestDTO.java:[21,6] cannot find symbol
[ERROR]   symbol:   class NotNull
[ERROR]   location: class com.loanmanagement.loan.dto.LoanRequestDTO
[ERROR] /D:/FSAD/s2/springboot/loanmanagementsystem/src/main/java/com/loanmanagement/loan/dto/LoanRequestDTO.java:[22,6] cannot find symbol
[ERROR]   symbol:   class Min
[ERROR]   location: class com.loanmanagement.loan.dto.LoanRequestDTO
[ERROR] /D:/FSAD/s2/springboot/loanmanagementsystem/src/main/java/com/loanmanagement/payment/PaymentController.java:[25,14] cannot find symbol
[ERROR]   symbol:   class Valid
[ERROR]   location: class com.loanmanagement.payment.PaymentController
[ERROR] /D:/FSAD/s2/springboot/loanmanagementsystem/src/main/java/com/loanmanagement/payment/dto/PaymentRequestDTO.java:[13,6] cannot find symbol
[ERROR]   symbol:   class NotNull
[ERROR]   location: class com.loanmanagement.payment.dto.PaymentRequestDTO
[ERROR] /D:/FSAD/s2/springboot/loanmanagementsystem/src/main/java/com/loanmanagement/payment/dto/PaymentRequestDTO.java:[14,6] cannot find symbol
[ERROR]   symbol:   class DecimalMin
[ERROR]   location: class com.loanmanagement.payment.dto.PaymentRequestDTO
[ERROR] /D:/FSAD/s2/springboot/loanmanagementsystem/src/main/java/com/loanmanagement/payment/dto/PaymentRequestDTO.java:[17,6] cannot find symbol
[ERROR]   symbol:   class NotBlank
[ERROR]   location: class com.loanmanagement.payment.dto.PaymentRequestDTO
[ERROR] /D:/FSAD/s2/springboot/loanmanagementsystem/src/main/java/com/loanmanagement/user/UserController.java:[39,14] cannot find symbol
[ERROR]   symbol:   class Valid
[ERROR]   location: class com.loanmanagement.user.UserController
[ERROR] -> [Help 1]
[ERROR] 
[ERROR] To see the full stack trace of the errors, re-run Maven with the -e switch.
[ERROR] Re-run Maven using the -X switch to enable full debug logging.
[ERROR] 
[ERROR] For more information about the errors and possible solutions, please read the following articles:
[ERROR] [Help 1] http://cwiki.apache.org/confluence/display/MAVEN/MojoFailureException
